HI-TECH Software C Compiler 

Linker command line:

--edf=C:\Program Files (x86)\HI-TECH Software\PICC\9.83\dat\en_msgs.txt -cs \
  -h+ms83fxx02_motorctrl.sym -z -Q16F685 -ol.obj -Mms83fxx02_motorctrl.map \
  -E1 -ACONST=00h-0FFhx16 -ACODE=00h-07FFhx2 -ASTRCODE=00h-0FFFh \
  -AENTRY=00h-0FFhx16 -ASTRING=00h-0FFhx16 -ABANK0=020h-06Fh \
  -ABANK1=0A0h-0EFh -ABANK2=0120h-016Fh \
  -ARAM=020h-06Fh,0A0h-0EFh,0120h-016Fh \
  -AABS1=020h-07Fh,0A0h-0EFh,0120h-016Fh -ACOMMON=070h-07Fh -ASFR0=00h-01Fh \
  -ASFR1=080h-09Fh -ASFR2=0100h-011Fh -ASFR3=0180h-01EFh \
  -preset_vec=00h,intentry=04h,init,end_init -ppowerup=CODE -pfunctab=CODE \
  -ACONFIG=02007h-02007h -pconfig=CONFIG -DCONFIG=2 -AIDLOC=02000h-02003h \
  -pidloc=IDLOC -DIDLOC=2 -AEEDATA=00h-0FFh/02100h -peeprom_data=EEDATA \
  -DEEDATA=2 -DCODE=2 -DSTRCODE=2 -DSTRING=2 -DCONST=2 -DENTRY=2 -k \
  startup.obj ms83fxx02_motorctrl.obj 

Object code version is 3.10

Machine type is 16F685



                Name                               Link     Load   Length Selector   Space Scale
startup.obj     end_init                             11       11        2        8       0
                reset_vec                             0        0        2        0       0
ms83fxx02_motorctrl.obj
                intentry                              4        4        D        8       0
                text1706                            40E      40E      19D        8       0
                text1705                            6F5      6F5       18        8       0
                text1701                            763      763        2        8       0
                text1700                            760      760        3        8       0
                text1697                            70D      70D       17        8       0
                text1696                            744      744        C        8       0
                text1670                            6D1      6D1       24        8       0
                text1667                             13       13      3FB        8       0
                text1666                            734      734       10        8       0
                text1664                            758      758        8        8       0
                text1649                            626      626       77        8       0
                text1648                            69D      69D       34        8       0
                maintext                            5AB      5AB       7B        8       0
                cstackBANK0                          36       36       12       20       1
                cstackCOMMON                         70       70        9       70       1
                clrtext                             750      750        8        8       0
                dataBANK0                            48       48        1       20       1
                bssBANK0                             20       20       16       20       1
                dataCOMMON                           7C       7C        2       70       1
                bssCOMMON                            79       79        3       70       1
                cinit                               724      724       10        8       0

TOTAL           Name                               Link     Load   Length     Space
        CLASS   CONST          

        CLASS   CODE           
                end_init                             11       11        2         0
                intentry                              4        4        D         0
                reset_vec                             0        0        2         0
                text1706                            40E      40E      19D         0
                text1705                            6F5      6F5       18         0
                text1701                            763      763        2         0
                text1700                            760      760        3         0
                text1697                            70D      70D       17         0
                text1696                            744      744        C         0
                text1670                            6D1      6D1       24         0
                text1667                             13       13      3FB         0
                text1666                            734      734       10         0
                text1664                            758      758        8         0
                text1649                            626      626       77         0
                text1648                            69D      69D       34         0
                maintext                            5AB      5AB       7B         0
                clrtext                             750      750        8         0
                cinit                               724      724       10         0

        CLASS   STRCODE        

        CLASS   ENTRY          

        CLASS   STRING         

        CLASS   BANK0          
                cstackBANK0                          36       36       12         1
                dataBANK0                            48       48        1         1
                bssBANK0                             20       20       16         1

        CLASS   BANK1          

        CLASS   BANK2          

        CLASS   RAM            

        CLASS   ABS1           
                abs_s1                               7E       7E        2         1

        CLASS   COMMON         
                cstackCOMMON                         70       70        9         1
                dataCOMMON                           7C       7C        2         1
                bssCOMMON                            79       79        3         1

        CLASS   SFR0           

        CLASS   SFR1           

        CLASS   SFR2           

        CLASS   SFR3           

        CLASS   CONFIG         

        CLASS   IDLOC          

        CLASS   EEDATA         

        CLASS   BANK3          



SEGMENTS        Name                           Load    Length   Top    Selector   Space  Class     Delta

                reset_vec                      000000  000002  000002         0       0  CODE        2
                intentry                       000004  000761  000765         8       0  CODE        2
                bssBANK0                       000020  000029  000049        20       1  BANK0       1
                cstackCOMMON                   000070  00000E  00007E        70       1  COMMON      1


UNUSED ADDRESS RANGES

        Name                Unused          Largest block    Delta
        BANK0            049-06F            27           1
        BANK1            0A0-0EF            50           1
        BANK2            120-16F            50           1
        CODE             002-003             2           2
                         765-FFF            9B
        CONFIG           2007-2007             1           2
        CONST            002-003             2           2
                         765-FFF           100
        EEDATA           2100-21FF           100           2
        ENTRY            002-003             2           2
                         765-FFF           100
        IDLOC            2000-2003             4           2
        RAM              049-06F            27           1
                         0A0-0EF            50
                         120-16F            50
        SFR0             000-01F            20           1
        SFR1             080-09F            20           1
        SFR2             100-11F            20           1
        SFR3             180-1EF            70           1
        STRCODE          002-003             2           2
                         765-FFF           89B
        STRING           002-003             2           2
                         765-FFF           100

                                  Symbol Table

??_ADC_Init                             cstackBANK0  036
??_ADC_ReadData                         cstackBANK0  03C
??_Battery_Detect                       cstackBANK0  040
??_Board_Init                           cstackBANK0  036
??_ChargeCtrl_Init                      cstackBANK0  03C
??_ChargeCtrl_Output                    cstackBANK0  03C
??_ChargeDetect_GetStatus               cstackBANK0  039
??_ChargeDetect_Init                    cstackBANK0  039
??_ChargeDetect_IntrHandler             cstackCOMMON 073
??_ChargeTimer_Cmd                      cstackBANK0  036
??_ChargeTimer_GetCount                 cstackBANK0  038
??_ChargeTimer_INTConfig                cstackBANK0  036
??_ChargeTimer_IntrHandler              cstackCOMMON 070
??_ChargeTimer_ResetCount               cstackBANK0  036
??_Charge_Init                          cstackBANK0  03E
??_DebounceTimer_IntrHandler            cstackCOMMON 073
??_Driver_Init                          cstackBANK0  03E
??_EEPROM_GetFlag                       cstackBANK0  038
??_EEPROM_Init                          cstackBANK0  038
??_EEPROM_Read                          cstackBANK0  036
??_EEPROM_RestoreDeviceModeData         cstackBANK0  038
??_EEPROM_RestoreMotorData              cstackBANK0  038
??_EEPROM_SetFlag                       cstackBANK0  038
??_EEPROM_StoreModeData                 cstackBANK0  038
??_EEPROM_StoreMotorData                cstackBANK0  038
??_EEPROM_Write                         cstackBANK0  037
??_GPIO_INTConfig                       cstackBANK0  038
??_GPIO_Init                            cstackBANK0  037
??_GPIO_ReadInputDataBit                cstackBANK0  037
??_GPIO_WriteBit                        cstackBANK0  03B
??_GetDeviceMode                        cstackBANK0  036
??_ISR                                  cstackCOMMON 075
??_KEY_DeInit                           cstackBANK0  038
??_KEY_GetPressStatus                   cstackBANK0  036
??_KEY_GetReleaseStatus                 cstackBANK0  036
??_KEY_Init                             cstackBANK0  039
??_KEY_IntrHandler                      cstackCOMMON 070
??_LEDTimer_Cmd                         cstackBANK0  036
??_LEDTimer_GetINTStatus                cstackBANK0  036
??_LEDTimer_GetOperationStatus          cstackBANK0  036
??_LEDTimer_GetRunLimitINTStatus        cstackBANK0  036
??_LEDTimer_INTConfig                   cstackBANK0  036
??_LEDTimer_IntrHandler                 cstackCOMMON 070
??_LED_CloseMotorStatus                 cstackBANK0  03C
??_LED_DisplayMotorStatus               cstackBANK0  03D
??_LED_DisplayRunLimit                  cstackBANK0  03C
??_LED_Init                             cstackBANK0  03C
??_LED_UnderVoltageOutput               cstackBANK0  03C
??_LED_VoltageChargeOutput              cstackBANK0  03C
??_MotorOperTimer_IntrHandler           cstackCOMMON 075
??_MotorOperationTimer_Init             cstackBANK0  036
??_MotorOperationTimer_Stop             cstackBANK0  036
??_Motor_CheckRunLimit                  cstackBANK0  036
??_Motor_GetStatus                      cstackBANK0  036
??_Motor_HandleStatusChangeEvt          cstackBANK0  03F
??_Motor_Init                           cstackBANK0  036
??_Motor_SetStatus                      cstackBANK0  036
??_Motor_Start                          cstackBANK0  03E
??_Motor_Stop                           cstackBANK0  03C
??_SetDeviceMode                        cstackBANK0  036
??_SwitchModeTimer_Cmd                  cstackBANK0  036
??_SwitchModeTimer_GetINTStatus         cstackBANK0  036
??_SwitchModeTimer_INTConfig            cstackBANK0  036
??_SwitchModeTimer_IntrHandler          cstackCOMMON 070
??_TIM1_Init                            cstackCOMMON 070
??___lbmod                              cstackCOMMON 071
??___lwdiv                              cstackBANK0  03A
??_charge_control                       cstackBANK0  046
??_delay_us                             cstackBANK0  038
??_main                                 cstackBANK0  048
??i1_GPIO_ReadInputDataBit              cstackCOMMON 071
??i1_GPIO_WriteBit                      cstackCOMMON 072
??i1_GetDeviceMode                      cstackCOMMON 070
??i1_LED_CloseMotorStatus               cstackCOMMON 073
??i1_MotorOperationTimer_Init           cstackCOMMON 070
??i1_MotorOperationTimer_Stop           cstackCOMMON 070
??i1_Motor_CheckRunLimit                cstackCOMMON 070
??i1_Motor_Init                         cstackCOMMON 070
??i1_Motor_SetStatus                    cstackCOMMON 070
??i1_Motor_Stop                         cstackCOMMON 073
?_ADC_Init                              cstackCOMMON 070
?_ADC_ReadData                          cstackBANK0  03A
?_Battery_Detect                        cstackCOMMON 070
?_Board_Init                            cstackCOMMON 070
?_ChargeCtrl_Init                       cstackCOMMON 070
?_ChargeCtrl_Output                     cstackCOMMON 070
?_ChargeDetect_GetStatus                cstackCOMMON 070
?_ChargeDetect_Init                     cstackCOMMON 070
?_ChargeDetect_IntrHandler              cstackCOMMON 070
?_ChargeTimer_Cmd                       cstackCOMMON 070
?_ChargeTimer_GetCount                  cstackBANK0  036
?_ChargeTimer_INTConfig                 cstackCOMMON 070
?_ChargeTimer_IntrHandler               cstackCOMMON 070
?_ChargeTimer_ResetCount                cstackCOMMON 070
?_Charge_Init                           cstackCOMMON 070
?_DebounceTimer_IntrHandler             cstackCOMMON 070
?_Driver_Init                           cstackCOMMON 070
?_EEPROM_GetFlag                        cstackCOMMON 070
?_EEPROM_Init                           cstackCOMMON 070
?_EEPROM_Read                           cstackCOMMON 070
?_EEPROM_RestoreDeviceModeData          cstackCOMMON 070
?_EEPROM_RestoreMotorData               cstackCOMMON 070
?_EEPROM_SetFlag                        cstackCOMMON 070
?_EEPROM_StoreModeData                  cstackCOMMON 070
?_EEPROM_StoreMotorData                 cstackCOMMON 070
?_EEPROM_Write                          cstackBANK0  036
?_GPIO_INTConfig                        cstackBANK0  036
?_GPIO_Init                             cstackBANK0  036
?_GPIO_ReadInputDataBit                 cstackBANK0  036
?_GPIO_WriteBit                         cstackBANK0  039
?_GetDeviceMode                         cstackCOMMON 070
?_ISR                                   cstackCOMMON 070
?_KEY_DeInit                            cstackCOMMON 070
?_KEY_GetPressStatus                    cstackCOMMON 070
?_KEY_GetReleaseStatus                  cstackCOMMON 070
?_KEY_Init                              cstackCOMMON 070
?_KEY_IntrHandler                       cstackCOMMON 070
?_LEDTimer_Cmd                          cstackCOMMON 070
?_LEDTimer_GetINTStatus                 cstackCOMMON 070
?_LEDTimer_GetOperationStatus           cstackCOMMON 070
?_LEDTimer_GetRunLimitINTStatus         cstackCOMMON 070
?_LEDTimer_INTConfig                    cstackCOMMON 070
?_LEDTimer_IntrHandler                  cstackCOMMON 070
?_LED_CloseMotorStatus                  cstackCOMMON 070
?_LED_DisplayMotorStatus                cstackBANK0  03C
?_LED_DisplayRunLimit                   cstackCOMMON 070
?_LED_Init                              cstackCOMMON 070
?_LED_UnderVoltageOutput                cstackCOMMON 070
?_LED_VoltageChargeOutput               cstackCOMMON 070
?_MotorOperTimer_IntrHandler            cstackCOMMON 070
?_MotorOperationTimer_Init              cstackCOMMON 070
?_MotorOperationTimer_Stop              cstackCOMMON 070
?_Motor_CheckRunLimit                   cstackCOMMON 070
?_Motor_GetStatus                       cstackCOMMON 070
?_Motor_HandleStatusChangeEvt           cstackCOMMON 070
?_Motor_Init                            cstackCOMMON 070
?_Motor_SetStatus                       cstackCOMMON 070
?_Motor_Start                           cstackCOMMON 070
?_Motor_Stop                            cstackCOMMON 070
?_SetDeviceMode                         cstackCOMMON 070
?_SwitchModeTimer_Cmd                   cstackCOMMON 070
?_SwitchModeTimer_GetINTStatus          cstackCOMMON 070
?_SwitchModeTimer_INTConfig             cstackCOMMON 070
?_SwitchModeTimer_IntrHandler           cstackCOMMON 070
?_TIM1_Init                             cstackCOMMON 070
?___lbmod                               cstackCOMMON 070
?___lwdiv                               cstackBANK0  036
?_charge_control                        cstackCOMMON 070
?_delay_us                              cstackBANK0  036
?_main                                  cstackCOMMON 070
?i1_GPIO_ReadInputDataBit               cstackCOMMON 070
?i1_GPIO_WriteBit                       cstackCOMMON 070
?i1_GetDeviceMode                       cstackCOMMON 070
?i1_LED_CloseMotorStatus                cstackCOMMON 070
?i1_MotorOperationTimer_Init            cstackCOMMON 070
?i1_MotorOperationTimer_Stop            cstackCOMMON 070
?i1_Motor_CheckRunLimit                 cstackCOMMON 070
?i1_Motor_Init                          cstackCOMMON 070
?i1_Motor_SetStatus                     cstackCOMMON 070
?i1_Motor_Stop                          cstackCOMMON 070
ADC_Init@channel                        cstackBANK0  037
ADC_ReadData@battery_value              cstackBANK0  03E
ADC_ReadData@channel                    cstackBANK0  03D
Battery_Detect@adc_data                 cstackBANK0  044
Battery_Detect@i                        cstackBANK0  043
Battery_Detect@mode                     cstackBANK0  042
ChargeCtrl_Init@GPIO_InitStruct         cstackBANK0  03C
ChargeCtrl_Output@BitVal                cstackBANK0  03C
ChargeDetect_GetStatus@i                cstackBANK0  039
ChargeDetect_Init@GPIO_InitStruct       cstackBANK0  039
ChargeTimer_Cmd@NewState                cstackBANK0  036
ChargeTimer_INTConfig@NewState          cstackBANK0  036
EEPROM_Read@addr                        cstackBANK0  036
EEPROM_Read@data                        cstackBANK0  037
EEPROM_Write@addr                       cstackBANK0  037
EEPROM_Write@data                       cstackBANK0  036
GPIO_INTConfig@GPIO_Pin                 cstackBANK0  036
GPIO_INTConfig@GPIOx                    cstackBANK0  038
GPIO_INTConfig@NewState                 cstackBANK0  037
GPIO_Init@GPIO_InitStruct               cstackBANK0  036
GPIO_Init@GPIOx                         cstackBANK0  037
GPIO_ReadInputDataBit@GPIO_Pin          cstackBANK0  036
GPIO_ReadInputDataBit@GPIOx             cstackBANK0  038
GPIO_ReadInputDataBit@bitstatus         cstackBANK0  037
GPIO_WriteBit@BitVal                    cstackBANK0  03A
GPIO_WriteBit@GPIO_Pin                  cstackBANK0  039
GPIO_WriteBit@GPIOx                     cstackBANK0  03B
KEY_DeInit@GPIO_InitStruct              cstackBANK0  038
KEY_Init@GPIO_InitStruct                cstackBANK0  039
LEDTimer_Cmd@NewState                   cstackBANK0  036
LEDTimer_INTConfig@NewState             cstackBANK0  036
LED_DisplayMotorStatus@GPIO_Pin         cstackBANK0  03C
LED_DisplayMotorStatus@GPIOx            cstackBANK0  03D
LED_Init@GPIO_InitStruct                cstackBANK0  03C
LED_UnderVoltageOutput@BitVal           cstackBANK0  03C
LED_VoltageChargeOutput@BitVal          cstackBANK0  03C
MotorOperationTimer_Init@time           cstackBANK0  036
Motor_HandleStatusChangeEvt@status      cstackBANK0  03F
Motor_Init@status                       cstackBANK0  036
Motor_SetStatus@status                  cstackBANK0  036
Motor_Start@status                      cstackBANK0  03E
SetDeviceMode@mode                      cstackBANK0  036
SwitchModeTimer_Cmd@NewState            cstackBANK0  036
SwitchModeTimer_INTConfig@NewState      cstackBANK0  036
_ADCON0                                 (abs)        01F
_ADCON1                                 (abs)        09F
_ADC_Init                               text1649     642
_ADC_ReadData                           text1667     3BF
_ADON                                   (abs)        0F8
_ADRESH                                 (abs)        01E
_ADRESL                                 (abs)        09E
_ANSEL                                  (abs)        091
_ANSEL5                                 (abs)        48D
_Battery_Detect                         text1667     058
_Board_Init                             text1705     6F5
_CCP1CON                                (abs)        015
_CCPR1L                                 (abs)        013
_CMCON0                                 (abs)        019
_ChargeCtrl_Init                        text1649     68D
_ChargeCtrl_Output                      text1664     758
_ChargeDetect_GetStatus                 text1667     013
_ChargeDetect_Init                      text1667     033
_ChargeDetect_IntrHandler               text1706     49B
_ChargeTimer_Cmd                        text1697     70D
_ChargeTimer_GetCount                   text1648     6C3
_ChargeTimer_INTConfig                  text1696     744
_ChargeTimer_IntrHandler                text1706     439
_ChargeTimer_ResetCount                 text1700     760
_Charge_Init                            text1649     657
_DebounceTimer_IntrHandler              text1706     460
_Driver_Init                            text1649     626
_EEADR                                  (abs)        09B
_EECON1                                 (abs)        09C
_EEDAT                                  (abs)        09A
_EEPROM_GetFlag                         text1670     6D1
_EEPROM_Init                            text1649     680
_EEPROM_Read                            text1670     6E8
_EEPROM_RestoreDeviceModeData           text1670     6D3
_EEPROM_RestoreMotorData                text1670     6D7
_EEPROM_SetFlag                         text1667     3F9
_EEPROM_StoreModeData                   text1667     3FD
_EEPROM_StoreMotorData                  text1667     391
_EEPROM_Write                           text1667     3A8
_GIE                                    (abs)        05F
_GO_DONE                                (abs)        0F9
_GPIO_INTConfig                         text1649     65B
_GPIO_Init                              text1667     14A
_GPIO_ReadInputDataBit                  text1667     100
_GPIO_WriteBit                          text1667     280
_GetDeviceMode                          text1667     321
_INTCON                                 (abs)        00B
_INTE                                   (abs)        05C
_INTEDG                                 (abs)        40E
_INTF                                   (abs)        059
_IOCA                                   (abs)        096
_ISR                                    text1706     40E
_KEY_DeInit                             text1666     734
_KEY_GetPressStatus                     text1667     325
_KEY_GetReleaseStatus                   text1667     226
_KEY_Init                               text1649     631
_KEY_IntrHandler                        text1706     452
_LEDTimer_Cmd                           text1667     2E2
_LEDTimer_GetINTStatus                  text1667     32A
_LEDTimer_GetOperationStatus            text1667     305
_LEDTimer_GetRunLimitINTStatus          text1667     330
_LEDTimer_INTConfig                     text1667     2F9
_LEDTimer_IntrHandler                   text1706     444
_LED_CloseMotorStatus                   text1667     047
_LED_DisplayMotorStatus                 text1667     267
_LED_DisplayRunLimit                    text1667     0DF
_LED_Init                               text1667     114
_LED_UnderVoltageOutput                 text1667     319
_LED_VoltageChargeOutput                text1648     6C9
_MSCKCON                                (abs)        01B
_MotorOperTimer_IntrHandler             text1706     4A9
_MotorOperationTimer_Init               text1667     2B8
_MotorOperationTimer_Stop               text1667     22E
_Motor_CheckRunLimit                    text1667     30A
_Motor_GetStatus                        text1701     763
_Motor_HandleStatusChangeEvt            text1667     172
_Motor_Init                             text1667     336
_Motor_SetStatus                        text1667     222
_Motor_Start                            text1667     240
_Motor_Stop                             text1667     23A
_OSCCON                                 (abs)        08F
_PAIE                                   (abs)        05B
_PAIF                                   (abs)        058
_PC4                                    (abs)        03C
_PCON                                   (abs)        08E
_PEIE                                   (abs)        05E
_PIE1                                   (abs)        08C
_PIE2                                   (abs)        08D
_PIR1                                   (abs)        00C
_PIR2                                   (abs)        00D
_PORTA                                  (abs)        005
_PORTC                                  (abs)        007
_PR2                                    (abs)        092
_PR3L                                   (abs)        10E
_PR4L                                   (abs)        114
_PR5L                                   (abs)        11A
_PWM3CR0                                (abs)        10F
_PWM3CR1                                (abs)        110
_PWM4CR0                                (abs)        115
_PWM4CR1                                (abs)        116
_PWM5CR0                                (abs)        11B
_PWM5CR1                                (abs)        11C
_RD                                     (abs)        4E0
_SetDeviceMode                          text1667     402
_SwitchModeTimer_Cmd                    text1667     296
_SwitchModeTimer_GetINTStatus           text1667     313
_SwitchModeTimer_INTConfig              text1667     2AC
_SwitchModeTimer_IntrHandler            text1706     42D
_T1CON                                  (abs)        010
_T2CKSRC                                (abs)        0DD
_T2CON                                  (abs)        012
_T3CKDIV                                (abs)        111
_T4CKDIV                                (abs)        117
_T5CKDIV                                (abs)        11D
_TIM1_Init                              text1706     576
_TMR1H                                  (abs)        00F
_TMR1IE                                 (abs)        460
_TMR1IF                                 (abs)        060
_TMR1L                                  (abs)        00E
_TMR1ON                                 (abs)        080
_TMR2                                   (abs)        011
_TMR2IF                                 (abs)        061
_TMR2ON                                 (abs)        092
_TMR3H                                  (abs)        10D
_TMR3IE                                 (abs)        881
_TMR3IF                                 (abs)        880
_TMR3L                                  (abs)        10C
_TMR3ON                                 (abs)        882
_TMR4H                                  (abs)        113
_TMR4IE                                 (abs)        8B1
_TMR4IF                                 (abs)        8B0
_TMR4L                                  (abs)        112
_TMR4ON                                 (abs)        8B2
_TMR5H                                  (abs)        119
_TMR5IE                                 (abs)        8E1
_TMR5IF                                 (abs)        8E0
_TMR5L                                  (abs)        118
_TMR5ON                                 (abs)        8E2
_TRISA                                  (abs)        085
_TRISC                                  (abs)        087
_TRISC4                                 (abs)        43C
_WDTCON                                 (abs)        018
_WPD                                    (abs)        089
_WPUA                                   (abs)        095
_WR                                     (abs)        4E8
_WREN1                                  (abs)        4E2
_WREN2                                  (abs)        4E4
_WREN3                                  (abs)        4E5
__Habs1                                 abs1         000
__Hbank0                                bank0        000
__Hbank1                                bank1        000
__Hbank2                                bank2        000
__Hbank3                                bank3        000
__HbssBANK0                             bssBANK0     000
__HbssCOMMON                            bssCOMMON    000
__Hcinit                                cinit        000
__Hclrtext                              clrtext      000
__Hcode                                 code         000
__Hcommon                               common       000
__Hconfig                               config       000
__HcstackBANK0                          cstackBANK0  000
__HcstackCOMMON                         cstackCOMMON 000
__HdataBANK0                            dataBANK0    000
__HdataCOMMON                           dataCOMMON   000
__Heeprom_data                          eeprom_data  000
__Hend_init                             end_init     013
__Hfunctab                              functab      000
__HidataBANK0                           idataBANK0   000
__HidataCOMMON                          idataCOMMON  000
__Hidloc                                idloc        000
__Hinit                                 init         011
__Hintentry                             intentry     011
__Hmaintext                             maintext     000
__Hpa_nodes                             pa_nodes     000
__Hpowerup                              powerup      000
__Hram                                  ram          000
__Hreset_vec                            reset_vec    002
__Hsfr0                                 sfr0         000
__Hsfr1                                 sfr1         000
__Hsfr2                                 sfr2         000
__Hsfr3                                 sfr3         000
__Hstrings                              strings      000
__Htext                                 text         000
__Labs1                                 abs1         000
__Lbank0                                bank0        000
__Lbank1                                bank1        000
__Lbank2                                bank2        000
__Lbank3                                bank3        000
__LbssBANK0                             bssBANK0     000
__LbssCOMMON                            bssCOMMON    000
__Lcinit                                cinit        000
__Lclrtext                              clrtext      000
__Lcode                                 code         000
__Lcommon                               common       000
__Lconfig                               config       000
__LcstackBANK0                          cstackBANK0  000
__LcstackCOMMON                         cstackCOMMON 000
__LdataBANK0                            dataBANK0    000
__LdataCOMMON                           dataCOMMON   000
__Leeprom_data                          eeprom_data  000
__Lend_init                             end_init     011
__Lfunctab                              functab      000
__LidataBANK0                           idataBANK0   000
__LidataCOMMON                          idataCOMMON  000
__Lidloc                                idloc        000
__Linit                                 init         011
__Lintentry                             intentry     004
__Lmaintext                             maintext     000
__Lpa_nodes                             pa_nodes     000
__Lpowerup                              powerup      000
__Lram                                  ram          000
__Lreset_vec                            reset_vec    000
__Lsfr0                                 sfr0         000
__Lsfr1                                 sfr1         000
__Lsfr2                                 sfr2         000
__Lsfr3                                 sfr3         000
__Lstrings                              strings      000
__Ltext                                 text         000
__S0                                    (abs)        765
__S1                                    (abs)        07E
__S2                                    (abs)        000
___lbmod                                text1706     51E
___lbmod@counter                        cstackCOMMON 073
___lbmod@dividend                       cstackCOMMON 072
___lbmod@divisor                        cstackCOMMON 070
___lbmod@rem                            cstackCOMMON 074
___lwdiv                                text1667     367
___lwdiv@counter                        cstackBANK0  03C
___lwdiv@dividend                       cstackBANK0  038
___lwdiv@divisor                        cstackBANK0  036
___lwdiv@quotient                       cstackBANK0  03A
__end_of_ADC_Init                       text1649     657
__end_of_ADC_ReadData                   text1667     3E3
__end_of_Battery_Detect                 text1667     0DF
__end_of_Board_Init                     text1705     70D
__end_of_ChargeCtrl_Init                text1649     69D
__end_of_ChargeCtrl_Output              text1664     760
__end_of_ChargeDetect_GetStatus         text1667     033
__end_of_ChargeDetect_Init              text1667     047
__end_of_ChargeDetect_IntrHandler       text1706     4A9
__end_of_ChargeTimer_Cmd                text1697     724
__end_of_ChargeTimer_GetCount           text1648     6C9
__end_of_ChargeTimer_INTConfig          text1696     750
__end_of_ChargeTimer_IntrHandler        text1706     444
__end_of_ChargeTimer_ResetCount         text1700     763
__end_of_Charge_Init                    text1649     65B
__end_of_DebounceTimer_IntrHandler      text1706     485
__end_of_Driver_Init                    text1649     631
__end_of_EEPROM_GetFlag                 text1670     6D3
__end_of_EEPROM_Init                    text1649     68D
__end_of_EEPROM_Read                    text1670     6F5
__end_of_EEPROM_RestoreDeviceModeData   text1670     6D7
__end_of_EEPROM_RestoreMotorData        text1670     6E8
__end_of_EEPROM_SetFlag                 text1667     3FD
__end_of_EEPROM_StoreModeData           text1667     402
__end_of_EEPROM_StoreMotorData          text1667     3A8
__end_of_EEPROM_Write                   text1667     3BF
__end_of_GPIO_INTConfig                 text1649     680
__end_of_GPIO_Init                      text1667     172
__end_of_GPIO_ReadInputDataBit          text1667     114
__end_of_GPIO_WriteBit                  text1667     296
__end_of_GetDeviceMode                  text1667     325
__end_of_ISR                            text1706     42D
__end_of_KEY_DeInit                     text1666     744
__end_of_KEY_GetPressStatus             text1667     32A
__end_of_KEY_GetReleaseStatus           text1667     22E
__end_of_KEY_Init                       text1649     642
__end_of_KEY_IntrHandler                text1706     460
__end_of_LEDTimer_Cmd                   text1667     2F9
__end_of_LEDTimer_GetINTStatus          text1667     330
__end_of_LEDTimer_GetOperationStatus    text1667     30A
__end_of_LEDTimer_GetRunLimitINTStatus  text1667     336
__end_of_LEDTimer_INTConfig             text1667     305
__end_of_LEDTimer_IntrHandler           text1706     44E
__end_of_LED_CloseMotorStatus           text1667     058
__end_of_LED_DisplayMotorStatus         text1667     280
__end_of_LED_DisplayRunLimit            text1667     100
__end_of_LED_Init                       text1667     14A
__end_of_LED_UnderVoltageOutput         text1667     321
__end_of_LED_VoltageChargeOutput        text1648     6D1
__end_of_MotorOperTimer_IntrHandler     text1706     4E2
__end_of_MotorOperationTimer_Init       text1667     2E2
__end_of_MotorOperationTimer_Stop       text1667     23A
__end_of_Motor_CheckRunLimit            text1667     313
__end_of_Motor_GetStatus                text1701     765
__end_of_Motor_HandleStatusChangeEvt    text1667     222
__end_of_Motor_Init                     text1667     367
__end_of_Motor_SetStatus                text1667     226
__end_of_Motor_Start                    text1667     267
__end_of_Motor_Stop                     text1667     240
__end_of_SetDeviceMode                  text1667     406
__end_of_SwitchModeTimer_Cmd            text1667     2AC
__end_of_SwitchModeTimer_GetINTStatus   text1667     319
__end_of_SwitchModeTimer_INTConfig      text1667     2B8
__end_of_SwitchModeTimer_IntrHandler    text1706     439
__end_of_TIM1_Init                      text1706     583
__end_of___lbmod                        text1706     53A
__end_of___lwdiv                        text1667     391
__end_of_charge_control                 text1648     6C3
__end_of_delay_us                       text1667     3F9
__end_of_main                           maintext     626
__end_ofi1_GPIO_ReadInputDataBit        text1706     49B
__end_ofi1_GPIO_WriteBit                text1706     5AB
__end_ofi1_GetDeviceMode                text1706     452
__end_ofi1_LED_CloseMotorStatus         text1706     595
__end_ofi1_MotorOperationTimer_Init     text1706     509
__end_ofi1_MotorOperationTimer_Stop     text1706     515
__end_ofi1_Motor_CheckRunLimit          text1706     51E
__end_ofi1_Motor_Init                   text1706     56D
__end_ofi1_Motor_SetStatus              text1706     570
__end_ofi1_Motor_Stop                   text1706     576
__pbssBANK0                             bssBANK0     020
__pbssCOMMON                            bssCOMMON    079
__pcstackBANK0                          cstackBANK0  036
__pcstackCOMMON                         cstackCOMMON 070
__pdataBANK0                            dataBANK0    048
__pdataCOMMON                           dataCOMMON   07C
__pidataBANK0                           idataBANK0   000
__pidataCOMMON                          idataCOMMON  000
__pintentry                             intentry     004
__pmaintext                             maintext     5AB
__ptext1647                             text1667     172
__ptext1648                             text1648     69D
__ptext1649                             text1649     626
__ptext1650                             text1667     240
__ptext1651                             text1667     23A
__ptext1652                             text1667     058
__ptext1653                             text1649     657
__ptext1654                             text1667     3FD
__ptext1655                             text1667     3F9
__ptext1656                             text1667     3BF
__ptext1657                             text1667     391
__ptext1658                             text1667     319
__ptext1659                             text1667     047
__ptext1660                             text1667     0DF
__ptext1661                             text1667     267
__ptext1662                             text1649     68D
__ptext1663                             text1667     033
__ptext1664                             text1664     758
__ptext1665                             text1667     22E
__ptext1666                             text1666     734
__ptext1667                             text1667     013
__ptext1668                             text1670     6D7
__ptext1669                             text1670     6D3
__ptext1670                             text1670     6D1
__ptext1671                             text1648     6C9
__ptext1672                             text1649     680
__ptext1673                             text1649     631
__ptext1674                             text1667     114
__ptext1675                             text1667     367
__ptext1676                             text1667     3E3
__ptext1677                             text1667     313
__ptext1678                             text1667     2B8
__ptext1679                             text1667     30A
__ptext1680                             text1667     2AC
__ptext1681                             text1667     296
__ptext1682                             text1667     336
__ptext1683                             text1667     330
__ptext1684                             text1667     32A
__ptext1685                             text1667     305
__ptext1686                             text1667     2F9
__ptext1687                             text1667     2E2
__ptext1688                             text1667     325
__ptext1689                             text1667     226
__ptext1690                             text1670     6E8
__ptext1691                             text1667     3A8
__ptext1692                             text1649     65B
__ptext1693                             text1667     100
__ptext1694                             text1667     14A
__ptext1695                             text1667     321
__ptext1696                             text1696     744
__ptext1697                             text1697     70D
__ptext1698                             text1667     222
__ptext1699                             text1667     402
__ptext1700                             text1700     760
__ptext1701                             text1701     763
__ptext1702                             text1667     280
__ptext1703                             text1648     6C3
__ptext1704                             text1649     642
__ptext1705                             text1705     6F5
__ptext1706                             text1706     40E
__ptext1707                             text1706     4A9
__ptext1708                             text1706     570
__ptext1709                             text1706     509
__ptext1710                             text1706     583
__ptext1711                             text1706     49B
__ptext1712                             text1706     460
__ptext1713                             text1706     452
__ptext1714                             text1706     44E
__ptext1715                             text1706     4E2
__ptext1716                             text1706     515
__ptext1717                             text1706     56D
__ptext1718                             text1706     53A
__ptext1719                             text1706     485
__ptext1720                             text1706     595
__ptext1721                             text1706     51E
__ptext1722                             text1706     576
__ptext1723                             text1706     444
__ptext1724                             text1706     439
__ptext1725                             text1706     42D
__ptext1726                             text1726     000
__size_of_ADC_Init                      (abs)        000
__size_of_ADC_ReadData                  (abs)        000
__size_of_Battery_Detect                (abs)        000
__size_of_Board_Init                    (abs)        000
__size_of_ChargeCtrl_Init               (abs)        000
__size_of_ChargeCtrl_Output             (abs)        000
__size_of_ChargeDetect_GetStatus        (abs)        000
__size_of_ChargeDetect_Init             (abs)        000
__size_of_ChargeDetect_IntrHandler      (abs)        000
__size_of_ChargeTimer_Cmd               (abs)        000
__size_of_ChargeTimer_GetCount          (abs)        000
__size_of_ChargeTimer_INTConfig         (abs)        000
__size_of_ChargeTimer_IntrHandler       (abs)        000
__size_of_ChargeTimer_ResetCount        (abs)        000
__size_of_Charge_Init                   (abs)        000
__size_of_DebounceTimer_IntrHandler     (abs)        000
__size_of_Driver_Init                   (abs)        000
__size_of_EEPROM_GetFlag                (abs)        000
__size_of_EEPROM_Init                   (abs)        000
__size_of_EEPROM_Read                   (abs)        000
__size_of_EEPROM_RestoreDeviceModeData  (abs)        000
__size_of_EEPROM_RestoreMotorData       (abs)        000
__size_of_EEPROM_SetFlag                (abs)        000
__size_of_EEPROM_StoreModeData          (abs)        000
__size_of_EEPROM_StoreMotorData         (abs)        000
__size_of_EEPROM_Write                  (abs)        000
__size_of_GPIO_INTConfig                (abs)        000
__size_of_GPIO_Init                     (abs)        000
__size_of_GPIO_ReadInputDataBit         (abs)        000
__size_of_GPIO_WriteBit                 (abs)        000
__size_of_GetDeviceMode                 (abs)        000
__size_of_ISR                           (abs)        000
__size_of_KEY_DeInit                    (abs)        000
__size_of_KEY_GetPressStatus            (abs)        000
__size_of_KEY_GetReleaseStatus          (abs)        000
__size_of_KEY_Init                      (abs)        000
__size_of_KEY_IntrHandler               (abs)        000
__size_of_LEDTimer_Cmd                  (abs)        000
__size_of_LEDTimer_GetINTStatus         (abs)        000
__size_of_LEDTimer_GetOperationStatus   (abs)        000
__size_of_LEDTimer_GetRunLimitINTStatus (abs)        000
__size_of_LEDTimer_INTConfig            (abs)        000
__size_of_LEDTimer_IntrHandler          (abs)        000
__size_of_LED_CloseMotorStatus          (abs)        000
__size_of_LED_DisplayMotorStatus        (abs)        000
__size_of_LED_DisplayRunLimit           (abs)        000
__size_of_LED_Init                      (abs)        000
__size_of_LED_UnderVoltageOutput        (abs)        000
__size_of_LED_VoltageChargeOutput       (abs)        000
__size_of_MotorOperTimer_IntrHandler    (abs)        000
__size_of_MotorOperationTimer_Init      (abs)        000
__size_of_MotorOperationTimer_Stop      (abs)        000
__size_of_Motor_CheckRunLimit           (abs)        000
__size_of_Motor_GetStatus               (abs)        000
__size_of_Motor_HandleStatusChangeEvt   (abs)        000
__size_of_Motor_Init                    (abs)        000
__size_of_Motor_SetStatus               (abs)        000
__size_of_Motor_Start                   (abs)        000
__size_of_Motor_Stop                    (abs)        000
__size_of_SetDeviceMode                 (abs)        000
__size_of_SwitchModeTimer_Cmd           (abs)        000
__size_of_SwitchModeTimer_GetINTStatus  (abs)        000
__size_of_SwitchModeTimer_INTConfig     (abs)        000
__size_of_SwitchModeTimer_IntrHandler   (abs)        000
__size_of_TIM1_Init                     (abs)        000
__size_of___lbmod                       (abs)        000
__size_of___lwdiv                       (abs)        000
__size_of_charge_control                (abs)        000
__size_of_delay_us                      (abs)        000
__size_of_main                          (abs)        000
__size_ofi1_GPIO_ReadInputDataBit       (abs)        000
__size_ofi1_GPIO_WriteBit               (abs)        000
__size_ofi1_GetDeviceMode               (abs)        000
__size_ofi1_LED_CloseMotorStatus        (abs)        000
__size_ofi1_MotorOperationTimer_Init    (abs)        000
__size_ofi1_MotorOperationTimer_Stop    (abs)        000
__size_ofi1_Motor_CheckRunLimit         (abs)        000
__size_ofi1_Motor_Init                  (abs)        000
__size_ofi1_Motor_SetStatus             (abs)        000
__size_ofi1_Motor_Stop                  (abs)        000
_battery_sample_count                   bssBANK0     02E
_battery_value                          bssBANK0     020
_charge_control                         text1648     69D
_charge_detect_count                    bssBANK0     02F
_charge_time_out                        bssBANK0     02A
_delay_us                               text1667     3E3
_device_mode                            bssBANK0     030
_exit                                   init         011
_key_press                              bssCOMMON    079
_key_press_flag                         bssBANK0     031
_key_press_time_count                   bssBANK0     032
_key_release                            bssCOMMON    07A
_key_status                             dataCOMMON   07C
_led_timer_int_status                   bssBANK0     033
_main                                   maintext     5AB
_motor_intr_count                       bssCOMMON    07B
_motor_oper_record                      bssBANK0     02C
_motor_status                           dataCOMMON   07D
_motor_timing_running_flag              dataBANK0    048
_run_limit_int_status                   bssBANK0     034
_switch_mode_time_out                   bssBANK0     035
btemp                                   (abs)        07E
charge_control@charge_count             cstackBANK0  046
clear_ram                               clrtext      750
delay_us@delay_us                       cstackBANK0  036
delay_us@i                              cstackBANK0  038
end_of_initialization                   cinit        731
i1GPIO_ReadInputDataBit@GPIO_Pin        cstackCOMMON 070
i1GPIO_ReadInputDataBit@GPIOx           cstackCOMMON 072
i1GPIO_ReadInputDataBit@bitstatus       cstackCOMMON 071
i1GPIO_WriteBit@BitVal                  cstackCOMMON 071
i1GPIO_WriteBit@GPIO_Pin                cstackCOMMON 070
i1GPIO_WriteBit@GPIOx                   cstackCOMMON 072
i1MotorOperationTimer_Init@time         cstackCOMMON 070
i1Motor_Init@status                     cstackCOMMON 070
i1Motor_SetStatus@status                cstackCOMMON 070
i1_GPIO_ReadInputDataBit                text1706     485
i1_GPIO_WriteBit                        text1706     595
i1_GetDeviceMode                        text1706     44E
i1_LED_CloseMotorStatus                 text1706     583
i1_MotorOperationTimer_Init             text1706     4E2
i1_MotorOperationTimer_Stop             text1706     509
i1_Motor_CheckRunLimit                  text1706     515
i1_Motor_Init                           text1706     53A
i1_Motor_SetStatus                      text1706     56D
i1_Motor_Stop                           text1706     570
i1l10007                                                
i1l1164                                                 
i1l12928                                                
i1l14481                                                
i1l14483                                                
i1l14485                                                
i1l14493                                                
i1l14495                                                
i1l14497                                                
i1l14503                                                
i1l14505                                                
i1l14507                                                
i1l14509                                                
i1l14515                                                
i1l14523                                                
i1l14529                                                
i1l14535                                                
i1l14537                                                
i1l14545                                                
i1l14547                                                
i1l14551                                                
i1l14557                                                
i1l14559                                                
i1l14561                                                
i1l14563                                                
i1l14569                                                
i1l14573                                                
i1l14579                                                
i1l14583                                                
i1l14671                                                
i1l14673                                                
i1l14675                                                
i1l14677                                                
i1l14679                                                
i1l14681                                                
i1l14683                                                
i1l14899                                                
i1l14901                                                
i1l14905                                                
i1l14907                                                
i1l14913                                                
i1l14917                                                
i1l14921                                                
i1l14927                                                
i1l14931                                                
i1l14933                                                
i1l14941                                                
i1l14949                                                
i1l14951                                                
i1l14953                                                
i1l14955                                                
i1l14957                                                
i1l14959                                                
i1l14961                                                
i1l14963                                                
i1l14981                                                
i1l14983                                                
i1l14987                                                
i1l14989                                                
i1l14991                                                
i1l14993                                                
i1l15003                                                
i1l15005                                                
i1l15007                                                
i1l15015                                                
i1l15017                                                
i1l15019                                                
i1l15021                                                
i1l15023                                                
i1l15025                                                
i1l15027                                                
i1l15029                                                
i1l15031                                                
i1l15035                                                
i1l15037                                                
i1l4424                                                 
i1l5512                                                 
i1l6617                                                 
i1l8834                                                 
i1l8849                                                 
i1l8860                                                 
interrupt_function                      intentry     004
intlevel0                               functab      000
intlevel1                               functab      000
intlevel2                               functab      000
intlevel3                               functab      000
intlevel4                               functab      000
intlevel5                               functab      000
l10007                                                  
l10010                                                  
l10016                                                  
l10019                                                  
l10025                                                  
l10028                                                  
l10031                                                  
l10034                                                  
l10037                                                  
l1129                                                   
l1132                                                   
l12213                                                  
l12216                                                  
l12902                                                  
l14403                                                  
l14405                                                  
l14407                                                  
l14409                                                  
l14411                                                  
l14413                                                  
l14415                                                  
l14417                                                  
l14419                                                  
l14421                                                  
l14423                                                  
l14425                                                  
l14427                                                  
l14429                                                  
l14433                                                  
l14437                                                  
l14443                                                  
l14447                                                  
l14451                                                  
l14453                                                  
l14455                                                  
l14457                                                  
l14459                                                  
l14461                                                  
l14463                                                  
l14465                                                  
l14467                                                  
l14469                                                  
l14471                                                  
l14473                                                  
l14475                                                  
l14477                                                  
l14585                                                  
l14589                                                  
l14595                                                  
l14599                                                  
l14601                                                  
l14609                                                  
l14617                                                  
l14621                                                  
l14623                                                  
l14629                                                  
l14633                                                  
l14635                                                  
l14637                                                  
l14639                                                  
l14641                                                  
l14643                                                  
l14645                                                  
l14647                                                  
l14649                                                  
l14651                                                  
l14653                                                  
l14655                                                  
l14657                                                  
l14659                                                  
l14661                                                  
l14663                                                  
l14665                                                  
l14685                                                  
l14687                                                  
l14689                                                  
l14697                                                  
l14699                                                  
l14701                                                  
l14709                                                  
l14711                                                  
l14713                                                  
l14715                                                  
l14717                                                  
l14719                                                  
l14721                                                  
l14723                                                  
l14725                                                  
l14727                                                  
l14729                                                  
l14733                                                  
l14735                                                  
l14737                                                  
l14747                                                  
l14749                                                  
l14751                                                  
l14761                                                  
l14763                                                  
l14765                                                  
l14767                                                  
l14769                                                  
l14771                                                  
l14773                                                  
l14791                                                  
l14793                                                  
l14797                                                  
l14799                                                  
l14801                                                  
l14803                                                  
l14805                                                  
l14807                                                  
l14809                                                  
l14811                                                  
l14813                                                  
l14815                                                  
l14817                                                  
l14827                                                  
l14829                                                  
l14831                                                  
l14839                                                  
l14841                                                  
l14843                                                  
l14845                                                  
l14847                                                  
l14849                                                  
l14851                                                  
l14853                                                  
l14855                                                  
l14857                                                  
l14867                                                  
l14869                                                  
l14873                                                  
l14875                                                  
l14885                                                  
l14889                                                  
l14893                                                  
l15041                                                  
l15043                                                  
l15045                                                  
l15047                                                  
l15049                                                  
l15051                                                  
l15053                                                  
l15055                                                  
l15057                                                  
l15059                                                  
l15061                                                  
l15063                                                  
l15065                                                  
l15067                                                  
l15069                                                  
l15071                                                  
l15073                                                  
l15075                                                  
l15077                                                  
l15081                                                  
l15083                                                  
l15087                                                  
l15089                                                  
l15091                                                  
l15097                                                  
l15101                                                  
l15111                                                  
l15113                                                  
l15115                                                  
l15117                                                  
l15119                                                  
l15121                                                  
l15123                                                  
l15125                                                  
l15129                                                  
l15133                                                  
l15135                                                  
l15137                                                  
l15139                                                  
l15141                                                  
l15143                                                  
l15145                                                  
l15149                                                  
l15151                                                  
l15153                                                  
l15155                                                  
l15157                                                  
l15161                                                  
l15163                                                  
l15165                                                  
l15167                                                  
l15169                                                  
l15171                                                  
l15173                                                  
l15177                                                  
l15179                                                  
l15183                                                  
l15185                                                  
l15187                                                  
l15191                                                  
l15193                                                  
l15195                                                  
l15207                                                  
l15209                                                  
l15213                                                  
l15219                                                  
l15235                                                  
l15239                                                  
l15241                                                  
l15243                                                  
l15257                                                  
l15259                                                  
l15261                                                  
l15263                                                  
l15265                                                  
l15275                                                  
l15283                                                  
l15285                                                  
l15287                                                  
l15301                                                  
l15303                                                  
l15305                                                  
l15315                                                  
l15317                                                  
l15319                                                  
l15343                                                  
l15347                                                  
l15353                                                  
l15357                                                  
l15359                                                  
l15365                                                  
l15371                                                  
l15377                                                  
l15379                                                  
l15381                                                  
l15383                                                  
l15385                                                  
l15387                                                  
l15389                                                  
l15391                                                  
l15393                                                  
l15399                                                  
l2239                                                   
l2242                                                   
l2245                                                   
l2248                                                   
l3327                                                   
l3330                                                   
l3336                                                   
l4424                                                   
l5515                                                   
l5518                                                   
l6608                                                   
l6611                                                   
l6614                                                   
l6617                                                   
l6620                                                   
l6623                                                   
l7702                                                   
l8834                                                   
l8837                                                   
l8846                                                   
l8849                                                   
l8860                                                   
l8913                                                   
l8916                                                   
reset_vec                               reset_vec    000
saved_w                                 (abs)        07E
start                                   init         011
start_initialization                    cinit        724
wtemp0                                  (abs)        07E
